../Drivers/OLED_Driver/Src/ssd1306.c:24:6:ssd1306_Reset	16	static
../Drivers/OLED_Driver/Src/ssd1306.c:36:6:ssd1306_WriteCommand	16	static
../Drivers/OLED_Driver/Src/ssd1306.c:44:6:ssd1306_WriteData	24	static
../Drivers/OLED_Driver/Src/ssd1306.c:63:17:ssd1306_FillBuffer	24	static
../Drivers/OLED_Driver/Src/ssd1306.c:73:6:ssd1306_Init	16	static
../Drivers/OLED_Driver/Src/ssd1306.c:155:6:ssd1306_Fill	16	static
../Drivers/OLED_Driver/Src/ssd1306.c:160:6:ssd1306_UpdateScreen	24	static
../Drivers/OLED_Driver/Src/ssd1306.c:181:6:ssd1306_DrawPixel	16	static
../Drivers/OLED_Driver/Src/ssd1306.c:201:6:ssd1306_WriteChar	48	static
../Drivers/OLED_Driver/Src/ssd1306.c:238:6:ssd1306_WriteString	32	static
../Drivers/OLED_Driver/Src/ssd1306.c:252:6:ssd1306_SetCursor	16	static
../Drivers/OLED_Driver/Src/ssd1306.c:258:6:ssd1306_Line	48	static
../Drivers/OLED_Driver/Src/ssd1306.c:285:6:ssd1306_Polyline	40	static
../Drivers/OLED_Driver/Src/ssd1306.c:299:14:ssd1306_DegToRad	16	static
../Drivers/OLED_Driver/Src/ssd1306.c:304:17:ssd1306_NormalizeTo0_360	24	static
../Drivers/OLED_Driver/Src/ssd1306.c:320:6:ssd1306_DrawArc	64	static
../Drivers/OLED_Driver/Src/ssd1306.c:360:6:ssd1306_DrawArcWithRadiusLine	72	static
../Drivers/OLED_Driver/Src/ssd1306.c:403:6:ssd1306_DrawCircle	40	static
../Drivers/OLED_Driver/Src/ssd1306.c:438:6:ssd1306_FillCircle	48	static
../Drivers/OLED_Driver/Src/ssd1306.c:474:6:ssd1306_DrawRectangle	32	static
../Drivers/OLED_Driver/Src/ssd1306.c:484:6:ssd1306_FillRectangle	32	static
../Drivers/OLED_Driver/Src/ssd1306.c:498:17:ssd1306_InvertRectangle	32	static
../Drivers/OLED_Driver/Src/ssd1306.c:529:6:ssd1306_DrawBitmap	24	static
../Drivers/OLED_Driver/Src/ssd1306.c:553:6:ssd1306_SetContrast	24	static
../Drivers/OLED_Driver/Src/ssd1306.c:559:6:ssd1306_SetDisplayOn	24	static
../Drivers/OLED_Driver/Src/ssd1306.c:571:9:ssd1306_GetDisplayOn	4	static
