../Core/Src/Display_control.c:78:6:State_Transition_Init	4	static
../Core/Src/Display_control.c:82:6:State_Transition_Main	16	static
../Core/Src/Display_control.c:93:5:Judge_State_Transition	24	static
../Core/Src/Display_control.c:111:5:Judge_Left_Button	4	static
../Core/Src/Display_control.c:121:5:Judge_Right_Button	4	static
../Core/Src/Display_control.c:130:6:dummy_void_function	4	static
../Core/Src/Display_control.c:134:5:dummy_UI8_function	4	static
../Core/Src/Display_control.c:140:6:Screen1_Entry	4	static
../Core/Src/Display_control.c:144:6:Screen1_Action	8	static
../Core/Src/Display_control.c:150:6:Screen1_Exit	4	static
../Core/Src/Display_control.c:154:6:Screen2_Entry	4	static
../Core/Src/Display_control.c:158:6:Screen2_Action	8	static
../Core/Src/Display_control.c:164:6:Screen2_Exit	4	static
../Core/Src/Display_control.c:168:6:Screen3_Entry	4	static
../Core/Src/Display_control.c:172:6:Screen3_Action	8	static
../Core/Src/Display_control.c:178:6:Screen3_Exit	4	static
